// Jest Snapshot v1, https://goo.gl/fbAQLP

exports[`<MarketView /> Should render the <MarketView /> component. 1`] = `
<DocumentFragment>
  <div
    class="StyledBox-sc-13pk1d4-0 IRSNj"
  >
    <div
      class="StyledBox-sc-13pk1d4-0 IRSNj"
    >
      <h2
        class="StyledHeading-sc-1rdh4aw-0 yhirM"
      >
        Test Planet 1
      </h2>
      <div
        class="Table_tableWrapper__1fXsJ Table_tableScroll__zRwCt undefined"
      >
        <table
          class="Table_table__1DoSj"
        >
          <thead>
            <tr>
              <th>
                Item
              </th>
              <th>
                Quantity
              </th>
              <th>
                Volume
              </th>
              <th>
                Value
              </th>
              <th>
                Price
              </th>
              <th>
                Destination
              </th>
              <th>
                Add
              </th>
            </tr>
          </thead>
          <tbody>
            <tr
              class="sc-bdVaJa iJTrNS"
            >
              <td>
                Test Item
              </td>
              <td />
              <td>
                1
              </td>
              <td>
                1
              </td>
              <td />
              <td>
                Test Planet 2
              </td>
              <td>
                <div
                  class="StyledBox-sc-13pk1d4-0 hroMnY"
                >
                  <button
                    class="StyledButton-sc-323bzc-0 jJyttA"
                    data-testid="add-button-0"
                    disabled=""
                    type="button"
                  >
                    <svg
                      aria-label="Add"
                      class="StyledIcon-ofa7kd-0 iOkQrb"
                      viewBox="0 0 24 24"
                    >
                      <path
                        d="M12,22 L12,2 M2,12 L22,12"
                        fill="none"
                        stroke="#000"
                        stroke-width="2"
                      />
                    </svg>
                  </button>
                  <div
                    class="StyledBox__StyledBoxGap-sc-13pk1d4-1 hPsznL"
                  />
                  <label
                    for="quantity-input-0"
                  >
                    Quantity to Add
                  </label>
                  <div
                    class="StyledBox__StyledBoxGap-sc-13pk1d4-1 hPsznL"
                  />
                  <input
                    id="quantity-input-0"
                    max="4"
                    min="0"
                    type="number"
                    value="0"
                  />
                </div>
              </td>
            </tr>
            <tr
              class="sc-bdVaJa iJTrNS"
            >
              <td>
                Test Item
              </td>
              <td />
              <td>
                1
              </td>
              <td>
                1
              </td>
              <td />
              <td>
                Test Planet 2
              </td>
              <td>
                <div
                  class="StyledBox-sc-13pk1d4-0 hroMnY"
                >
                  <button
                    class="StyledButton-sc-323bzc-0 jJyttA"
                    data-testid="add-button-1"
                    disabled=""
                    type="button"
                  >
                    <svg
                      aria-label="Add"
                      class="StyledIcon-ofa7kd-0 iOkQrb"
                      viewBox="0 0 24 24"
                    >
                      <path
                        d="M12,22 L12,2 M2,12 L22,12"
                        fill="none"
                        stroke="#000"
                        stroke-width="2"
                      />
                    </svg>
                  </button>
                  <div
                    class="StyledBox__StyledBoxGap-sc-13pk1d4-1 hPsznL"
                  />
                  <label
                    for="quantity-input-1"
                  >
                    Quantity to Add
                  </label>
                  <div
                    class="StyledBox__StyledBoxGap-sc-13pk1d4-1 hPsznL"
                  />
                  <input
                    id="quantity-input-1"
                    max="4"
                    min="0"
                    type="number"
                    value="0"
                  />
                </div>
              </td>
            </tr>
            <tr
              class="sc-bdVaJa iJTrNS"
            >
              <td>
                Test Item
              </td>
              <td />
              <td>
                1
              </td>
              <td>
                1
              </td>
              <td />
              <td>
                Test Planet 2
              </td>
              <td>
                <div
                  class="StyledBox-sc-13pk1d4-0 hroMnY"
                >
                  <button
                    class="StyledButton-sc-323bzc-0 jJyttA"
                    data-testid="add-button-2"
                    disabled=""
                    type="button"
                  >
                    <svg
                      aria-label="Add"
                      class="StyledIcon-ofa7kd-0 iOkQrb"
                      viewBox="0 0 24 24"
                    >
                      <path
                        d="M12,22 L12,2 M2,12 L22,12"
                        fill="none"
                        stroke="#000"
                        stroke-width="2"
                      />
                    </svg>
                  </button>
                  <div
                    class="StyledBox__StyledBoxGap-sc-13pk1d4-1 hPsznL"
                  />
                  <label
                    for="quantity-input-2"
                  >
                    Quantity to Add
                  </label>
                  <div
                    class="StyledBox__StyledBoxGap-sc-13pk1d4-1 hPsznL"
                  />
                  <input
                    id="quantity-input-2"
                    max="4"
                    min="0"
                    type="number"
                    value="0"
                  />
                </div>
              </td>
            </tr>
            <tr
              class="sc-bdVaJa iJTrNS"
            >
              <td>
                Test Item
              </td>
              <td />
              <td>
                1
              </td>
              <td>
                1
              </td>
              <td />
              <td>
                Test Planet 2
              </td>
              <td>
                <div
                  class="StyledBox-sc-13pk1d4-0 hroMnY"
                >
                  <button
                    class="StyledButton-sc-323bzc-0 jJyttA"
                    data-testid="add-button-3"
                    disabled=""
                    type="button"
                  >
                    <svg
                      aria-label="Add"
                      class="StyledIcon-ofa7kd-0 iOkQrb"
                      viewBox="0 0 24 24"
                    >
                      <path
                        d="M12,22 L12,2 M2,12 L22,12"
                        fill="none"
                        stroke="#000"
                        stroke-width="2"
                      />
                    </svg>
                  </button>
                  <div
                    class="StyledBox__StyledBoxGap-sc-13pk1d4-1 hPsznL"
                  />
                  <label
                    for="quantity-input-3"
                  >
                    Quantity to Add
                  </label>
                  <div
                    class="StyledBox__StyledBoxGap-sc-13pk1d4-1 hPsznL"
                  />
                  <input
                    id="quantity-input-3"
                    max="4"
                    min="0"
                    type="number"
                    value="0"
                  />
                </div>
              </td>
            </tr>
            <tr
              class="sc-bdVaJa iJTrNS"
            >
              <td>
                Test Item
              </td>
              <td />
              <td>
                1
              </td>
              <td>
                1
              </td>
              <td />
              <td>
                Test Planet 2
              </td>
              <td>
                <div
                  class="StyledBox-sc-13pk1d4-0 hroMnY"
                >
                  <button
                    class="StyledButton-sc-323bzc-0 jJyttA"
                    data-testid="add-button-4"
                    disabled=""
                    type="button"
                  >
                    <svg
                      aria-label="Add"
                      class="StyledIcon-ofa7kd-0 iOkQrb"
                      viewBox="0 0 24 24"
                    >
                      <path
                        d="M12,22 L12,2 M2,12 L22,12"
                        fill="none"
                        stroke="#000"
                        stroke-width="2"
                      />
                    </svg>
                  </button>
                  <div
                    class="StyledBox__StyledBoxGap-sc-13pk1d4-1 hPsznL"
                  />
                  <label
                    for="quantity-input-4"
                  >
                    Quantity to Add
                  </label>
                  <div
                    class="StyledBox__StyledBoxGap-sc-13pk1d4-1 hPsznL"
                  />
                  <input
                    id="quantity-input-4"
                    max="4"
                    min="0"
                    type="number"
                    value="0"
                  />
                </div>
              </td>
            </tr>
          </tbody>
        </table>
      </div>
    </div>
    <div
      class="StyledBox-sc-13pk1d4-0 IRSNj"
    >
      <h2
        class="StyledHeading-sc-1rdh4aw-0 yhirM"
      >
        Test Planet 2
      </h2>
      <div
        class="Table_tableWrapper__1fXsJ Table_tableScroll__zRwCt undefined"
      >
        <table
          class="Table_table__1DoSj"
        >
          <thead>
            <tr>
              <th>
                Item
              </th>
              <th>
                Quantity
              </th>
              <th>
                Volume
              </th>
              <th>
                Value
              </th>
              <th>
                Price
              </th>
              <th>
                Destination
              </th>
            </tr>
          </thead>
          <tbody>
            <tr
              class="sc-bwzfXH ddilgX"
            >
              <td>
                Test Item
              </td>
              <td />
              <td>
                1
              </td>
              <td>
                1
              </td>
              <td />
              <td>
                Test Planet 1
              </td>
            </tr>
            <tr
              class="sc-bwzfXH ddilgX"
            >
              <td>
                Test Item
              </td>
              <td />
              <td>
                1
              </td>
              <td>
                1
              </td>
              <td />
              <td>
                Test Planet 1
              </td>
            </tr>
            <tr
              class="sc-bwzfXH ddilgX"
            >
              <td>
                Test Item
              </td>
              <td />
              <td>
                1
              </td>
              <td>
                1
              </td>
              <td />
              <td>
                Test Planet 1
              </td>
            </tr>
            <tr
              class="sc-bwzfXH ddilgX"
            >
              <td>
                Test Item
              </td>
              <td />
              <td>
                1
              </td>
              <td>
                1
              </td>
              <td />
              <td>
                Test Planet 1
              </td>
            </tr>
            <tr
              class="sc-bwzfXH ddilgX"
            >
              <td>
                Test Item
              </td>
              <td />
              <td>
                1
              </td>
              <td>
                1
              </td>
              <td />
              <td>
                Test Planet 1
              </td>
            </tr>
          </tbody>
        </table>
      </div>
    </div>
    <div
      class="StyledBox-sc-13pk1d4-0 IRSNj"
    >
      <h2
        class="StyledHeading-sc-1rdh4aw-0 yhirM"
      >
        Test Planet 3
      </h2>
      <div
        class="Table_tableWrapper__1fXsJ Table_tableScroll__zRwCt undefined"
      >
        <table
          class="Table_table__1DoSj"
        >
          <thead>
            <tr>
              <th>
                Item
              </th>
              <th>
                Quantity
              </th>
              <th>
                Volume
              </th>
              <th>
                Value
              </th>
              <th>
                Price
              </th>
              <th>
                Destination
              </th>
            </tr>
          </thead>
          <tbody>
            <tr
              class="sc-htpNat hXHBMU"
            >
              <td>
                Test Item
              </td>
              <td />
              <td>
                1
              </td>
              <td>
                1
              </td>
              <td />
              <td>
                Test Planet 2
              </td>
            </tr>
            <tr
              class="sc-htpNat hXHBMU"
            >
              <td>
                Test Item
              </td>
              <td />
              <td>
                1
              </td>
              <td>
                1
              </td>
              <td />
              <td>
                Test Planet 2
              </td>
            </tr>
            <tr
              class="sc-htpNat hXHBMU"
            >
              <td>
                Test Item
              </td>
              <td />
              <td>
                1
              </td>
              <td>
                1
              </td>
              <td />
              <td>
                Test Planet 2
              </td>
            </tr>
            <tr
              class="sc-htpNat hXHBMU"
            >
              <td>
                Test Item
              </td>
              <td />
              <td>
                1
              </td>
              <td>
                1
              </td>
              <td />
              <td>
                Test Planet 2
              </td>
            </tr>
            <tr
              class="sc-htpNat hXHBMU"
            >
              <td>
                Test Item
              </td>
              <td />
              <td>
                1
              </td>
              <td>
                1
              </td>
              <td />
              <td>
                Test Planet 2
              </td>
            </tr>
          </tbody>
        </table>
      </div>
    </div>
  </div>
</DocumentFragment>
`;
