// Jest Snapshot v1, https://goo.gl/fbAQLP

exports[`<PlanetsView /> Should render the <PlanetsView /> component. 1`] = `
<DocumentFragment>
  <div>
    <div>
      <div
        class="StyledBox-sc-13pk1d4-0 gQLnBt"
      >
        <h2
          class="StyledHeading-sc-1rdh4aw-0 yhirM"
        >
          Test Planet 1 - Home Planet
        </h2>
      </div>
      <span>
        Items:
      </span>
      <div
        class="StyledBox-sc-13pk1d4-0 xqboQ"
      >
        <div
          class="StyledBox-sc-13pk1d4-0 hroMnY"
        >
          <span
            class="StyledText-sc-1sadyjn-0 fWSbXS"
          >
            Name: Test Item
          </span>
        </div>
        <div
          class="StyledBox-sc-13pk1d4-0 hroMnY"
        >
          <span
            class="StyledText-sc-1sadyjn-0 fWSbXS"
          >
            Quantity: 
          </span>
        </div>
        <div
          class="StyledBox-sc-13pk1d4-0 hroMnY"
        >
          <span
            class="StyledText-sc-1sadyjn-0 fWSbXS"
          >
            Volume: 1
          </span>
        </div>
        <div
          class="StyledBox-sc-13pk1d4-0 hroMnY"
        >
          <span
            class="StyledText-sc-1sadyjn-0 fWSbXS"
          >
            Value: 1
          </span>
        </div>
        <div
          class="StyledBox-sc-13pk1d4-0 hroMnY"
        >
          <span
            class="StyledText-sc-1sadyjn-0 fWSbXS"
          >
            Destination: Test Planet 2
          </span>
        </div>
        <div
          class="StyledBox-sc-13pk1d4-0 hroMnY"
        >
          <button
            class="StyledButton-sc-323bzc-0 jJyttA"
            data-testid="add-button-0"
            disabled=""
            type="button"
          >
            <svg
              aria-label="Add"
              class="StyledIcon-ofa7kd-0 iOkQrb"
              viewBox="0 0 24 24"
            >
              <path
                d="M12,22 L12,2 M2,12 L22,12"
                fill="none"
                stroke="#000"
                stroke-width="2"
              />
            </svg>
          </button>
          <div
            class="StyledBox__StyledBoxGap-sc-13pk1d4-1 hPsznL"
          />
          <label
            for="quantity-input-0"
          >
            Quantity to Add
          </label>
          <div
            class="StyledBox__StyledBoxGap-sc-13pk1d4-1 hPsznL"
          />
          <input
            id="quantity-input-0"
            max="4"
            min="0"
            type="number"
            value="0"
          />
        </div>
      </div>
      <div
        class="StyledBox-sc-13pk1d4-0 xqboQ"
      >
        <div
          class="StyledBox-sc-13pk1d4-0 hroMnY"
        >
          <span
            class="StyledText-sc-1sadyjn-0 fWSbXS"
          >
            Name: Test Item
          </span>
        </div>
        <div
          class="StyledBox-sc-13pk1d4-0 hroMnY"
        >
          <span
            class="StyledText-sc-1sadyjn-0 fWSbXS"
          >
            Quantity: 
          </span>
        </div>
        <div
          class="StyledBox-sc-13pk1d4-0 hroMnY"
        >
          <span
            class="StyledText-sc-1sadyjn-0 fWSbXS"
          >
            Volume: 1
          </span>
        </div>
        <div
          class="StyledBox-sc-13pk1d4-0 hroMnY"
        >
          <span
            class="StyledText-sc-1sadyjn-0 fWSbXS"
          >
            Value: 1
          </span>
        </div>
        <div
          class="StyledBox-sc-13pk1d4-0 hroMnY"
        >
          <span
            class="StyledText-sc-1sadyjn-0 fWSbXS"
          >
            Destination: Test Planet 2
          </span>
        </div>
        <div
          class="StyledBox-sc-13pk1d4-0 hroMnY"
        >
          <button
            class="StyledButton-sc-323bzc-0 jJyttA"
            data-testid="add-button-1"
            disabled=""
            type="button"
          >
            <svg
              aria-label="Add"
              class="StyledIcon-ofa7kd-0 iOkQrb"
              viewBox="0 0 24 24"
            >
              <path
                d="M12,22 L12,2 M2,12 L22,12"
                fill="none"
                stroke="#000"
                stroke-width="2"
              />
            </svg>
          </button>
          <div
            class="StyledBox__StyledBoxGap-sc-13pk1d4-1 hPsznL"
          />
          <label
            for="quantity-input-1"
          >
            Quantity to Add
          </label>
          <div
            class="StyledBox__StyledBoxGap-sc-13pk1d4-1 hPsznL"
          />
          <input
            id="quantity-input-1"
            max="4"
            min="0"
            type="number"
            value="0"
          />
        </div>
      </div>
      <div
        class="StyledBox-sc-13pk1d4-0 xqboQ"
      >
        <div
          class="StyledBox-sc-13pk1d4-0 hroMnY"
        >
          <span
            class="StyledText-sc-1sadyjn-0 fWSbXS"
          >
            Name: Test Item
          </span>
        </div>
        <div
          class="StyledBox-sc-13pk1d4-0 hroMnY"
        >
          <span
            class="StyledText-sc-1sadyjn-0 fWSbXS"
          >
            Quantity: 
          </span>
        </div>
        <div
          class="StyledBox-sc-13pk1d4-0 hroMnY"
        >
          <span
            class="StyledText-sc-1sadyjn-0 fWSbXS"
          >
            Volume: 1
          </span>
        </div>
        <div
          class="StyledBox-sc-13pk1d4-0 hroMnY"
        >
          <span
            class="StyledText-sc-1sadyjn-0 fWSbXS"
          >
            Value: 1
          </span>
        </div>
        <div
          class="StyledBox-sc-13pk1d4-0 hroMnY"
        >
          <span
            class="StyledText-sc-1sadyjn-0 fWSbXS"
          >
            Destination: Test Planet 2
          </span>
        </div>
        <div
          class="StyledBox-sc-13pk1d4-0 hroMnY"
        >
          <button
            class="StyledButton-sc-323bzc-0 jJyttA"
            data-testid="add-button-2"
            disabled=""
            type="button"
          >
            <svg
              aria-label="Add"
              class="StyledIcon-ofa7kd-0 iOkQrb"
              viewBox="0 0 24 24"
            >
              <path
                d="M12,22 L12,2 M2,12 L22,12"
                fill="none"
                stroke="#000"
                stroke-width="2"
              />
            </svg>
          </button>
          <div
            class="StyledBox__StyledBoxGap-sc-13pk1d4-1 hPsznL"
          />
          <label
            for="quantity-input-2"
          >
            Quantity to Add
          </label>
          <div
            class="StyledBox__StyledBoxGap-sc-13pk1d4-1 hPsznL"
          />
          <input
            id="quantity-input-2"
            max="4"
            min="0"
            type="number"
            value="0"
          />
        </div>
      </div>
      <div
        class="StyledBox-sc-13pk1d4-0 xqboQ"
      >
        <div
          class="StyledBox-sc-13pk1d4-0 hroMnY"
        >
          <span
            class="StyledText-sc-1sadyjn-0 fWSbXS"
          >
            Name: Test Item
          </span>
        </div>
        <div
          class="StyledBox-sc-13pk1d4-0 hroMnY"
        >
          <span
            class="StyledText-sc-1sadyjn-0 fWSbXS"
          >
            Quantity: 
          </span>
        </div>
        <div
          class="StyledBox-sc-13pk1d4-0 hroMnY"
        >
          <span
            class="StyledText-sc-1sadyjn-0 fWSbXS"
          >
            Volume: 1
          </span>
        </div>
        <div
          class="StyledBox-sc-13pk1d4-0 hroMnY"
        >
          <span
            class="StyledText-sc-1sadyjn-0 fWSbXS"
          >
            Value: 1
          </span>
        </div>
        <div
          class="StyledBox-sc-13pk1d4-0 hroMnY"
        >
          <span
            class="StyledText-sc-1sadyjn-0 fWSbXS"
          >
            Destination: Test Planet 2
          </span>
        </div>
        <div
          class="StyledBox-sc-13pk1d4-0 hroMnY"
        >
          <button
            class="StyledButton-sc-323bzc-0 jJyttA"
            data-testid="add-button-3"
            disabled=""
            type="button"
          >
            <svg
              aria-label="Add"
              class="StyledIcon-ofa7kd-0 iOkQrb"
              viewBox="0 0 24 24"
            >
              <path
                d="M12,22 L12,2 M2,12 L22,12"
                fill="none"
                stroke="#000"
                stroke-width="2"
              />
            </svg>
          </button>
          <div
            class="StyledBox__StyledBoxGap-sc-13pk1d4-1 hPsznL"
          />
          <label
            for="quantity-input-3"
          >
            Quantity to Add
          </label>
          <div
            class="StyledBox__StyledBoxGap-sc-13pk1d4-1 hPsznL"
          />
          <input
            id="quantity-input-3"
            max="4"
            min="0"
            type="number"
            value="0"
          />
        </div>
      </div>
      <div
        class="StyledBox-sc-13pk1d4-0 xqboQ"
      >
        <div
          class="StyledBox-sc-13pk1d4-0 hroMnY"
        >
          <span
            class="StyledText-sc-1sadyjn-0 fWSbXS"
          >
            Name: Test Item
          </span>
        </div>
        <div
          class="StyledBox-sc-13pk1d4-0 hroMnY"
        >
          <span
            class="StyledText-sc-1sadyjn-0 fWSbXS"
          >
            Quantity: 
          </span>
        </div>
        <div
          class="StyledBox-sc-13pk1d4-0 hroMnY"
        >
          <span
            class="StyledText-sc-1sadyjn-0 fWSbXS"
          >
            Volume: 1
          </span>
        </div>
        <div
          class="StyledBox-sc-13pk1d4-0 hroMnY"
        >
          <span
            class="StyledText-sc-1sadyjn-0 fWSbXS"
          >
            Value: 1
          </span>
        </div>
        <div
          class="StyledBox-sc-13pk1d4-0 hroMnY"
        >
          <span
            class="StyledText-sc-1sadyjn-0 fWSbXS"
          >
            Destination: Test Planet 2
          </span>
        </div>
        <div
          class="StyledBox-sc-13pk1d4-0 hroMnY"
        >
          <button
            class="StyledButton-sc-323bzc-0 jJyttA"
            data-testid="add-button-4"
            disabled=""
            type="button"
          >
            <svg
              aria-label="Add"
              class="StyledIcon-ofa7kd-0 iOkQrb"
              viewBox="0 0 24 24"
            >
              <path
                d="M12,22 L12,2 M2,12 L22,12"
                fill="none"
                stroke="#000"
                stroke-width="2"
              />
            </svg>
          </button>
          <div
            class="StyledBox__StyledBoxGap-sc-13pk1d4-1 hPsznL"
          />
          <label
            for="quantity-input-4"
          >
            Quantity to Add
          </label>
          <div
            class="StyledBox__StyledBoxGap-sc-13pk1d4-1 hPsznL"
          />
          <input
            id="quantity-input-4"
            max="4"
            min="0"
            type="number"
            value="0"
          />
        </div>
      </div>
    </div>
    <div>
      <div
        class="StyledBox-sc-13pk1d4-0 gQLnBt"
      >
        <h2
          class="StyledHeading-sc-1rdh4aw-0 yhirM"
        >
          Test Planet 2
        </h2>
        <div
          class="StyledBox__StyledBoxGap-sc-13pk1d4-1 hyyRSo"
        />
        <button
          class="StyledButton-sc-323bzc-0 jAPRVi"
          data-testid="travel-button-Test Planet 2"
          type="button"
        >
          <svg
            aria-label="Target"
            class="StyledIcon-ofa7kd-0 iOkQrb"
            viewBox="0 0 24 24"
          >
            <path
              d="M23,12 C23,18.075 18.075,23 12,23 C5.925,23 1,18.075 1,12 C1,5.925 5.925,1 12,1 C18.075,1 23,5.925 23,12 L23,12 Z M18,12 C18,8.691 15.309,6 12,6 C8.691,6 6,8.691 6,12 C6,15.309 8.691,18 12,18 C15.309,18 18,15.309 18,12 L18,12 Z M13,12 C13,11.448 12.552,11 12,11 C11.448,11 11,11.448 11,12 C11,12.552 11.448,13 12,13 C12.552,13 13,12.552 13,12 L13,12 Z"
              fill="none"
              stroke="#000"
              stroke-width="2"
            />
          </svg>
        </button>
        <div
          class="StyledBox__StyledBoxGap-sc-13pk1d4-1 hyyRSo"
        />
        <span
          class="StyledText-sc-1sadyjn-0 fWSbXS"
        >
          ETA: 8 minutes 20 seconds
        </span>
      </div>
      <span>
        Items:
      </span>
      <div
        class="StyledBox-sc-13pk1d4-0 xqboQ"
      >
        <div
          class="StyledBox-sc-13pk1d4-0 hroMnY"
        >
          <span
            class="StyledText-sc-1sadyjn-0 fWSbXS"
          >
            Name: Test Item
          </span>
        </div>
        <div
          class="StyledBox-sc-13pk1d4-0 hroMnY"
        >
          <span
            class="StyledText-sc-1sadyjn-0 fWSbXS"
          >
            Quantity: 
          </span>
        </div>
        <div
          class="StyledBox-sc-13pk1d4-0 hroMnY"
        >
          <span
            class="StyledText-sc-1sadyjn-0 fWSbXS"
          >
            Volume: 1
          </span>
        </div>
        <div
          class="StyledBox-sc-13pk1d4-0 hroMnY"
        >
          <span
            class="StyledText-sc-1sadyjn-0 fWSbXS"
          >
            Value: 1
          </span>
        </div>
        <div
          class="StyledBox-sc-13pk1d4-0 hroMnY"
        >
          <span
            class="StyledText-sc-1sadyjn-0 fWSbXS"
          >
            Destination: Test Planet 1
          </span>
        </div>
      </div>
      <div
        class="StyledBox-sc-13pk1d4-0 xqboQ"
      >
        <div
          class="StyledBox-sc-13pk1d4-0 hroMnY"
        >
          <span
            class="StyledText-sc-1sadyjn-0 fWSbXS"
          >
            Name: Test Item
          </span>
        </div>
        <div
          class="StyledBox-sc-13pk1d4-0 hroMnY"
        >
          <span
            class="StyledText-sc-1sadyjn-0 fWSbXS"
          >
            Quantity: 
          </span>
        </div>
        <div
          class="StyledBox-sc-13pk1d4-0 hroMnY"
        >
          <span
            class="StyledText-sc-1sadyjn-0 fWSbXS"
          >
            Volume: 1
          </span>
        </div>
        <div
          class="StyledBox-sc-13pk1d4-0 hroMnY"
        >
          <span
            class="StyledText-sc-1sadyjn-0 fWSbXS"
          >
            Value: 1
          </span>
        </div>
        <div
          class="StyledBox-sc-13pk1d4-0 hroMnY"
        >
          <span
            class="StyledText-sc-1sadyjn-0 fWSbXS"
          >
            Destination: Test Planet 1
          </span>
        </div>
      </div>
      <div
        class="StyledBox-sc-13pk1d4-0 xqboQ"
      >
        <div
          class="StyledBox-sc-13pk1d4-0 hroMnY"
        >
          <span
            class="StyledText-sc-1sadyjn-0 fWSbXS"
          >
            Name: Test Item
          </span>
        </div>
        <div
          class="StyledBox-sc-13pk1d4-0 hroMnY"
        >
          <span
            class="StyledText-sc-1sadyjn-0 fWSbXS"
          >
            Quantity: 
          </span>
        </div>
        <div
          class="StyledBox-sc-13pk1d4-0 hroMnY"
        >
          <span
            class="StyledText-sc-1sadyjn-0 fWSbXS"
          >
            Volume: 1
          </span>
        </div>
        <div
          class="StyledBox-sc-13pk1d4-0 hroMnY"
        >
          <span
            class="StyledText-sc-1sadyjn-0 fWSbXS"
          >
            Value: 1
          </span>
        </div>
        <div
          class="StyledBox-sc-13pk1d4-0 hroMnY"
        >
          <span
            class="StyledText-sc-1sadyjn-0 fWSbXS"
          >
            Destination: Test Planet 1
          </span>
        </div>
      </div>
      <div
        class="StyledBox-sc-13pk1d4-0 xqboQ"
      >
        <div
          class="StyledBox-sc-13pk1d4-0 hroMnY"
        >
          <span
            class="StyledText-sc-1sadyjn-0 fWSbXS"
          >
            Name: Test Item
          </span>
        </div>
        <div
          class="StyledBox-sc-13pk1d4-0 hroMnY"
        >
          <span
            class="StyledText-sc-1sadyjn-0 fWSbXS"
          >
            Quantity: 
          </span>
        </div>
        <div
          class="StyledBox-sc-13pk1d4-0 hroMnY"
        >
          <span
            class="StyledText-sc-1sadyjn-0 fWSbXS"
          >
            Volume: 1
          </span>
        </div>
        <div
          class="StyledBox-sc-13pk1d4-0 hroMnY"
        >
          <span
            class="StyledText-sc-1sadyjn-0 fWSbXS"
          >
            Value: 1
          </span>
        </div>
        <div
          class="StyledBox-sc-13pk1d4-0 hroMnY"
        >
          <span
            class="StyledText-sc-1sadyjn-0 fWSbXS"
          >
            Destination: Test Planet 1
          </span>
        </div>
      </div>
      <div
        class="StyledBox-sc-13pk1d4-0 xqboQ"
      >
        <div
          class="StyledBox-sc-13pk1d4-0 hroMnY"
        >
          <span
            class="StyledText-sc-1sadyjn-0 fWSbXS"
          >
            Name: Test Item
          </span>
        </div>
        <div
          class="StyledBox-sc-13pk1d4-0 hroMnY"
        >
          <span
            class="StyledText-sc-1sadyjn-0 fWSbXS"
          >
            Quantity: 
          </span>
        </div>
        <div
          class="StyledBox-sc-13pk1d4-0 hroMnY"
        >
          <span
            class="StyledText-sc-1sadyjn-0 fWSbXS"
          >
            Volume: 1
          </span>
        </div>
        <div
          class="StyledBox-sc-13pk1d4-0 hroMnY"
        >
          <span
            class="StyledText-sc-1sadyjn-0 fWSbXS"
          >
            Value: 1
          </span>
        </div>
        <div
          class="StyledBox-sc-13pk1d4-0 hroMnY"
        >
          <span
            class="StyledText-sc-1sadyjn-0 fWSbXS"
          >
            Destination: Test Planet 1
          </span>
        </div>
      </div>
    </div>
    <div>
      <div
        class="StyledBox-sc-13pk1d4-0 gQLnBt"
      >
        <h2
          class="StyledHeading-sc-1rdh4aw-0 yhirM"
        >
          Test Planet 3
        </h2>
        <div
          class="StyledBox__StyledBoxGap-sc-13pk1d4-1 hyyRSo"
        />
        <button
          class="StyledButton-sc-323bzc-0 jAPRVi"
          data-testid="travel-button-Test Planet 3"
          type="button"
        >
          <svg
            aria-label="Target"
            class="StyledIcon-ofa7kd-0 iOkQrb"
            viewBox="0 0 24 24"
          >
            <path
              d="M23,12 C23,18.075 18.075,23 12,23 C5.925,23 1,18.075 1,12 C1,5.925 5.925,1 12,1 C18.075,1 23,5.925 23,12 L23,12 Z M18,12 C18,8.691 15.309,6 12,6 C8.691,6 6,8.691 6,12 C6,15.309 8.691,18 12,18 C15.309,18 18,15.309 18,12 L18,12 Z M13,12 C13,11.448 12.552,11 12,11 C11.448,11 11,11.448 11,12 C11,12.552 11.448,13 12,13 C12.552,13 13,12.552 13,12 L13,12 Z"
              fill="none"
              stroke="#000"
              stroke-width="2"
            />
          </svg>
        </button>
        <div
          class="StyledBox__StyledBoxGap-sc-13pk1d4-1 hyyRSo"
        />
        <span
          class="StyledText-sc-1sadyjn-0 fWSbXS"
        >
          ETA: 16 minutes 40 seconds
        </span>
      </div>
      <span>
        Items:
      </span>
      <div
        class="StyledBox-sc-13pk1d4-0 xqboQ"
      >
        <div
          class="StyledBox-sc-13pk1d4-0 hroMnY"
        >
          <span
            class="StyledText-sc-1sadyjn-0 fWSbXS"
          >
            Name: Test Item
          </span>
        </div>
        <div
          class="StyledBox-sc-13pk1d4-0 hroMnY"
        >
          <span
            class="StyledText-sc-1sadyjn-0 fWSbXS"
          >
            Quantity: 
          </span>
        </div>
        <div
          class="StyledBox-sc-13pk1d4-0 hroMnY"
        >
          <span
            class="StyledText-sc-1sadyjn-0 fWSbXS"
          >
            Volume: 1
          </span>
        </div>
        <div
          class="StyledBox-sc-13pk1d4-0 hroMnY"
        >
          <span
            class="StyledText-sc-1sadyjn-0 fWSbXS"
          >
            Value: 1
          </span>
        </div>
        <div
          class="StyledBox-sc-13pk1d4-0 hroMnY"
        >
          <span
            class="StyledText-sc-1sadyjn-0 fWSbXS"
          >
            Destination: Test Planet 2
          </span>
        </div>
      </div>
      <div
        class="StyledBox-sc-13pk1d4-0 xqboQ"
      >
        <div
          class="StyledBox-sc-13pk1d4-0 hroMnY"
        >
          <span
            class="StyledText-sc-1sadyjn-0 fWSbXS"
          >
            Name: Test Item
          </span>
        </div>
        <div
          class="StyledBox-sc-13pk1d4-0 hroMnY"
        >
          <span
            class="StyledText-sc-1sadyjn-0 fWSbXS"
          >
            Quantity: 
          </span>
        </div>
        <div
          class="StyledBox-sc-13pk1d4-0 hroMnY"
        >
          <span
            class="StyledText-sc-1sadyjn-0 fWSbXS"
          >
            Volume: 1
          </span>
        </div>
        <div
          class="StyledBox-sc-13pk1d4-0 hroMnY"
        >
          <span
            class="StyledText-sc-1sadyjn-0 fWSbXS"
          >
            Value: 1
          </span>
        </div>
        <div
          class="StyledBox-sc-13pk1d4-0 hroMnY"
        >
          <span
            class="StyledText-sc-1sadyjn-0 fWSbXS"
          >
            Destination: Test Planet 2
          </span>
        </div>
      </div>
      <div
        class="StyledBox-sc-13pk1d4-0 xqboQ"
      >
        <div
          class="StyledBox-sc-13pk1d4-0 hroMnY"
        >
          <span
            class="StyledText-sc-1sadyjn-0 fWSbXS"
          >
            Name: Test Item
          </span>
        </div>
        <div
          class="StyledBox-sc-13pk1d4-0 hroMnY"
        >
          <span
            class="StyledText-sc-1sadyjn-0 fWSbXS"
          >
            Quantity: 
          </span>
        </div>
        <div
          class="StyledBox-sc-13pk1d4-0 hroMnY"
        >
          <span
            class="StyledText-sc-1sadyjn-0 fWSbXS"
          >
            Volume: 1
          </span>
        </div>
        <div
          class="StyledBox-sc-13pk1d4-0 hroMnY"
        >
          <span
            class="StyledText-sc-1sadyjn-0 fWSbXS"
          >
            Value: 1
          </span>
        </div>
        <div
          class="StyledBox-sc-13pk1d4-0 hroMnY"
        >
          <span
            class="StyledText-sc-1sadyjn-0 fWSbXS"
          >
            Destination: Test Planet 2
          </span>
        </div>
      </div>
      <div
        class="StyledBox-sc-13pk1d4-0 xqboQ"
      >
        <div
          class="StyledBox-sc-13pk1d4-0 hroMnY"
        >
          <span
            class="StyledText-sc-1sadyjn-0 fWSbXS"
          >
            Name: Test Item
          </span>
        </div>
        <div
          class="StyledBox-sc-13pk1d4-0 hroMnY"
        >
          <span
            class="StyledText-sc-1sadyjn-0 fWSbXS"
          >
            Quantity: 
          </span>
        </div>
        <div
          class="StyledBox-sc-13pk1d4-0 hroMnY"
        >
          <span
            class="StyledText-sc-1sadyjn-0 fWSbXS"
          >
            Volume: 1
          </span>
        </div>
        <div
          class="StyledBox-sc-13pk1d4-0 hroMnY"
        >
          <span
            class="StyledText-sc-1sadyjn-0 fWSbXS"
          >
            Value: 1
          </span>
        </div>
        <div
          class="StyledBox-sc-13pk1d4-0 hroMnY"
        >
          <span
            class="StyledText-sc-1sadyjn-0 fWSbXS"
          >
            Destination: Test Planet 2
          </span>
        </div>
      </div>
      <div
        class="StyledBox-sc-13pk1d4-0 xqboQ"
      >
        <div
          class="StyledBox-sc-13pk1d4-0 hroMnY"
        >
          <span
            class="StyledText-sc-1sadyjn-0 fWSbXS"
          >
            Name: Test Item
          </span>
        </div>
        <div
          class="StyledBox-sc-13pk1d4-0 hroMnY"
        >
          <span
            class="StyledText-sc-1sadyjn-0 fWSbXS"
          >
            Quantity: 
          </span>
        </div>
        <div
          class="StyledBox-sc-13pk1d4-0 hroMnY"
        >
          <span
            class="StyledText-sc-1sadyjn-0 fWSbXS"
          >
            Volume: 1
          </span>
        </div>
        <div
          class="StyledBox-sc-13pk1d4-0 hroMnY"
        >
          <span
            class="StyledText-sc-1sadyjn-0 fWSbXS"
          >
            Value: 1
          </span>
        </div>
        <div
          class="StyledBox-sc-13pk1d4-0 hroMnY"
        >
          <span
            class="StyledText-sc-1sadyjn-0 fWSbXS"
          >
            Destination: Test Planet 2
          </span>
        </div>
      </div>
    </div>
  </div>
</DocumentFragment>
`;
