// Jest Snapshot v1, https://goo.gl/fbAQLP

exports[`<PlanetsView /> Should render the <PlanetsView /> component. 1`] = `
<DocumentFragment>
  <div
    class="MuiBox-root MuiBox-root-2"
  >
    <div
      class="MuiPaper-root MuiPaper-elevation1 MuiPaper-rounded"
      id="map-root"
    >
      <svg
        height="0"
        width="0"
      >
        <g
          class="nodes"
        >
          <g
            class="node-container"
          >
            <circle
              fill="red"
              r="5"
            />
            <text
              x="0"
              y="0"
            >
              Planet 1
            </text>
          </g>
          <g
            class="node-container"
          >
            <circle
              fill="red"
              r="5"
            />
            <text
              x="-7.373688780783198"
              y="6.754902942615239"
            >
              Planet 2
            </text>
          </g>
          <g
            class="node-container"
          >
            <circle
              fill="red"
              r="5"
            />
            <text
              x="1.2363864559502138"
              y="-14.087985964343622"
            >
              Planet 3
            </text>
          </g>
        </g>
        <g
          class="links"
        >
          <line
            stroke-width="2"
          />
          <line
            stroke-width="2"
          />
        </g>
      </svg>
    </div>
  </div>
</DocumentFragment>
`;
