// Jest Snapshot v1, https://goo.gl/fbAQLP

exports[`<CashDisplay /> Should render the <CashDisplay /> component. 1`] = `
<DocumentFragment>
  <div
    class="StyledBox-sc-13pk1d4-0 lfluzk"
  >
    <h2
      class="StyledHeading-sc-1rdh4aw-0 gBloPj"
    >
      Cash:
    </h2>
    <span
      class="StyledText-sc-1sadyjn-0 fWSbXS"
    >
      100
    </span>
  </div>
</DocumentFragment>
`;
