// Jest Snapshot v1, https://goo.gl/fbAQLP

exports[`<ImportButton /> Should render the <ImportButton /> component. 1`] = `
<DocumentFragment>
  <div
    class="StyledBox-sc-13pk1d4-0 fWrrBh"
  >
    <button
      class="StyledButton-sc-323bzc-0 jfbKsv"
      type="button"
    >
      Import Game
    </button>
    <input
      accept=".json"
      data-testid="input-import"
      style="display: none;"
      type="file"
    />
  </div>
</DocumentFragment>
`;
