// Jest Snapshot v1, https://goo.gl/fbAQLP

exports[`<ItemTimer /> Should render the <ItemTimer /> component. 1`] = `
<DocumentFragment>
  <div
    class="StyledBox-sc-13pk1d4-0 fWrrBh"
  >
    <h3
      class="StyledHeading-sc-1rdh4aw-0 ftOecI"
    >
      Item Timer
    </h3>
    <span />
  </div>
</DocumentFragment>
`;
