// Jest Snapshot v1, https://goo.gl/fbAQLP

exports[`<ViewSelector /> Should render the <ViewSelector /> component. 1`] = `
<DocumentFragment>
  <div
    class="StyledBox-sc-13pk1d4-0 dfMVfp"
  >
    <select
      data-testid="view-selector"
    >
      <option>
        Ship
      </option>
      <option>
        Planets
      </option>
    </select>
  </div>
</DocumentFragment>
`;
